2026-06-09 22:01:31,586 | INFO | Found 500 CSV files. World size: 4
2026-06-09 22:01:31,833 | INFO | Feature count: 1811
[rank2]:[W609 22:11:31.314141731 socket.cpp:472] [c10d] waitForInput: poll for socket SocketImpl(fd=3, addr=[gcn61.local.snellius.surf.nl]:37164, remote=[gcn61.local.snellius.surf.nl]:29500) returned 0, likely a timeout
[rank2]:[W609 22:11:31.316642690 socket.cpp:497] [c10d] waitForInput: socket SocketImpl(fd=3, addr=[gcn61.local.snellius.surf.nl]:37164, remote=[gcn61.local.snellius.surf.nl]:29500) timed out after 600000ms
[rank3]:[W609 22:11:31.327443235 socket.cpp:472] [c10d] waitForInput: poll for socket SocketImpl(fd=3, addr=[gcn61.local.snellius.surf.nl]:37166, remote=[gcn61.local.snellius.surf.nl]:29500) returned 0, likely a timeout
[rank3]:[W609 22:11:31.327863841 socket.cpp:497] [c10d] waitForInput: socket SocketImpl(fd=3, addr=[gcn61.local.snellius.surf.nl]:37166, remote=[gcn61.local.snellius.surf.nl]:29500) timed out after 600000ms
[rank3]: Traceback (most recent call last):
[rank3]:   File "/gpfs/work1/0/prjs1732/LabGPT/ALD/ald_fm_transformer3/pretrain_transformer.py", line 258, in <module>
[rank3]:     main()
[rank3]:   File "/gpfs/work1/0/prjs1732/LabGPT/ALD/ald_fm_transformer3/pretrain_transformer.py", line 110, in main
[rank3]:     dist.broadcast(mean_t, src=0)
[rank3]:   File "/home/mlotfiandeloue1/.local/lib/python3.12/site-packages/torch/distributed/c10d_logger.py", line 81, in wrapper
[rank3]:     return func(*args, **kwargs)
[rank3]:            ^^^^^^^^^^^^^^^^^^^^^
[rank3]:   File "/home/mlotfiandeloue1/.local/lib/python3.12/site-packages/torch/distributed/distributed_c10d.py", line 2835, in broadcast
[rank3]:     work = group.broadcast([tensor], opts)
[rank3]:            ^^^^^^^^^^^^^^^^^^^^^^^^^^^^^^^
[rank3]: torch.distributed.DistBackendError: [3] is setting up NCCL communicator and retrieving ncclUniqueId from [0] via c10d key-value store by key '0', but store->get('0') got error: wait timeout after 600000ms, keys: /default_pg/0//cuda//0
[rank3]: Exception raised from doWait at /pytorch/torch/csrc/distributed/c10d/TCPStore.cpp:603 (most recent call first):
[rank3]: frame #0: c10::Error::Error(c10::SourceLocation, std::__cxx11::basic_string<char, std::char_traits<char>, std::allocator<char> >) + 0x80 (0x149edc28cb80 in /home/mlotfiandeloue1/.local/lib/python3.12/site-packages/torch/lib/libc10.so)
[rank3]: frame #1: <unknown function> + 0x5f600c1 (0x149ebb6de0c1 in /home/mlotfiandeloue1/.local/lib/python3.12/site-packages/torch/lib/libtorch_cpu.so)
[rank3]: frame #2: <unknown function> + 0x1499942 (0x149eb6c17942 in /home/mlotfiandeloue1/.local/lib/python3.12/site-packages/torch/lib/libtorch_cpu.so)
[rank3]: frame #3: c10d::TCPStore::doGet(std::__cxx11::basic_string<char, std::char_traits<char>, std::allocator<char> > const&) + 0x33 (0x149ebb77a043 in /home/mlotfiandeloue1/.local/lib/python3.12/site-packages/torch/lib/libtorch_cpu.so)
[rank3]: frame #4: c10d::TCPStore::get(std::__cxx11::basic_string<char, std::char_traits<char>, std::allocator<char> > const&) + 0x114 (0x149ebb77b154 in /home/mlotfiandeloue1/.local/lib/python3.12/site-packages/torch/lib/libtorch_cpu.so)
[rank3]: frame #5: c10d::PrefixStore::get(std::__cxx11::basic_string<char, std::char_traits<char>, std::allocator<char> > const&) + 0x30 (0x149ebb725750 in /home/mlotfiandeloue1/.local/lib/python3.12/site-packages/torch/lib/libtorch_cpu.so)
[rank3]: frame #6: c10d::PrefixStore::get(std::__cxx11::basic_string<char, std::char_traits<char>, std::allocator<char> > const&) + 0x30 (0x149ebb725750 in /home/mlotfiandeloue1/.local/lib/python3.12/site-packages/torch/lib/libtorch_cpu.so)
[rank3]: frame #7: c10d::PrefixStore::get(std::__cxx11::basic_string<char, std::char_traits<char>, std::allocator<char> > const&) + 0x30 (0x149ebb725750 in /home/mlotfiandeloue1/.local/lib/python3.12/site-packages/torch/lib/libtorch_cpu.so)
[rank3]: frame #8: c10d::ProcessGroupNCCL::broadcastUniqueNCCLID(ncclUniqueId*, bool, std::__cxx11::basic_string<char, std::char_traits<char>, std::allocator<char> > const&, int) + 0x5c4 (0x149e7a300014 in /home/mlotfiandeloue1/.local/lib/python3.12/site-packages/torch/lib/libtorch_cuda.so)
[rank3]: frame #9: c10d::ProcessGroupNCCL::initNCCLComm(std::__cxx11::basic_string<char, std::char_traits<char>, std::allocator<char> > const&, c10::Device&, c10d::OpType, int, bool) + 0x1c1a (0x149e7a302b5a in /home/mlotfiandeloue1/.local/lib/python3.12/site-packages/torch/lib/libtorch_cuda.so)
[rank3]: frame #10: c10d::ProcessGroupNCCL::broadcast(std::vector<at::Tensor, std::allocator<at::Tensor> >&, c10d::BroadcastOptions const&) + 0x146c (0x149e7a30b67c in /home/mlotfiandeloue1/.local/lib/python3.12/site-packages/torch/lib/libtorch_cuda.so)
[rank3]: frame #11: <unknown function> + 0x5f97832 (0x149ebb715832 in /home/mlotfiandeloue1/.local/lib/python3.12/site-packages/torch/lib/libtorch_cpu.so)
[rank3]: frame #12: <unknown function> + 0x5fa6a4d (0x149ebb724a4d in /home/mlotfiandeloue1/.local/lib/python3.12/site-packages/torch/lib/libtorch_cpu.so)
[rank3]: frame #13: <unknown function> + 0x54e09e5 (0x149ebac5e9e5 in /home/mlotfiandeloue1/.local/lib/python3.12/site-packages/torch/lib/libtorch_cpu.so)
[rank3]: frame #14: <unknown function> + 0x5fc4631 (0x149ebb742631 in /home/mlotfiandeloue1/.local/lib/python3.12/site-packages/torch/lib/libtorch_cpu.so)
[rank3]: frame #15: <unknown function> + 0xe18878 (0x149ecaeed878 in /home/mlotfiandeloue1/.local/lib/python3.12/site-packages/torch/lib/libtorch_python.so)
[rank3]: frame #16: <unknown function> + 0x3c072e (0x149eca49572e in /home/mlotfiandeloue1/.local/lib/python3.12/site-packages/torch/lib/libtorch_python.so)
[rank3]: <omitting python frames>
[rank3]: frame #28: <unknown function> + 0x295d0 (0x149f1c1205d0 in /lib64/libc.so.6)
[rank3]: frame #29: __libc_start_main + 0x80 (0x149f1c120680 in /lib64/libc.so.6)
[rank3]: frame #30: _start + 0x25 (0x401065 in /sw/arch/RHEL9/EB_production/2024/software/Python/3.12.3-GCCcore-13.3.0/bin/python)
[rank3]: . This may indicate a possible application crash on rank 0 or a network set up issue.
[rank2]: Traceback (most recent call last):
[rank2]:   File "/gpfs/work1/0/prjs1732/LabGPT/ALD/ald_fm_transformer3/pretrain_transformer.py", line 258, in <module>
[rank2]:     main()
[rank2]:   File "/gpfs/work1/0/prjs1732/LabGPT/ALD/ald_fm_transformer3/pretrain_transformer.py", line 110, in main
[rank2]:     dist.broadcast(mean_t, src=0)
[rank2]:   File "/home/mlotfiandeloue1/.local/lib/python3.12/site-packages/torch/distributed/c10d_logger.py", line 81, in wrapper
[rank2]:     return func(*args, **kwargs)
[rank2]:            ^^^^^^^^^^^^^^^^^^^^^
[rank2]:   File "/home/mlotfiandeloue1/.local/lib/python3.12/site-packages/torch/distributed/distributed_c10d.py", line 2835, in broadcast
[rank2]:     work = group.broadcast([tensor], opts)
[rank2]:            ^^^^^^^^^^^^^^^^^^^^^^^^^^^^^^^
[rank2]: torch.distributed.DistBackendError: [2] is setting up NCCL communicator and retrieving ncclUniqueId from [0] via c10d key-value store by key '0', but store->get('0') got error: wait timeout after 600000ms, keys: /default_pg/0//cuda//0
[rank2]: Exception raised from doWait at /pytorch/torch/csrc/distributed/c10d/TCPStore.cpp:603 (most recent call first):
[rank2]: frame #0: c10::Error::Error(c10::SourceLocation, std::__cxx11::basic_string<char, std::char_traits<char>, std::allocator<char> >) + 0x80 (0x15535314fb80 in /home/mlotfiandeloue1/.local/lib/python3.12/site-packages/torch/lib/libc10.so)
[rank2]: frame #1: <unknown function> + 0x5f600c1 (0x1553954ba0c1 in /home/mlotfiandeloue1/.local/lib/python3.12/site-packages/torch/lib/libtorch_cpu.so)
[rank2]: frame #2: <unknown function> + 0x1499942 (0x1553909f3942 in /home/mlotfiandeloue1/.local/lib/python3.12/site-packages/torch/lib/libtorch_cpu.so)
[rank2]: frame #3: c10d::TCPStore::doGet(std::__cxx11::basic_string<char, std::char_traits<char>, std::allocator<char> > const&) + 0x33 (0x155395556043 in /home/mlotfiandeloue1/.local/lib/python3.12/site-packages/torch/lib/libtorch_cpu.so)
[rank2]: frame #4: c10d::TCPStore::get(std::__cxx11::basic_string<char, std::char_traits<char>, std::allocator<char> > const&) + 0x114 (0x155395557154 in /home/mlotfiandeloue1/.local/lib/python3.12/site-packages/torch/lib/libtorch_cpu.so)
[rank2]: frame #5: c10d::PrefixStore::get(std::__cxx11::basic_string<char, std::char_traits<char>, std::allocator<char> > const&) + 0x30 (0x155395501750 in /home/mlotfiandeloue1/.local/lib/python3.12/site-packages/torch/lib/libtorch_cpu.so)
[rank2]: frame #6: c10d::PrefixStore::get(std::__cxx11::basic_string<char, std::char_traits<char>, std::allocator<char> > const&) + 0x30 (0x155395501750 in /home/mlotfiandeloue1/.local/lib/python3.12/site-packages/torch/lib/libtorch_cpu.so)
[rank2]: frame #7: c10d::PrefixStore::get(std::__cxx11::basic_string<char, std::char_traits<char>, std::allocator<char> > const&) + 0x30 (0x155395501750 in /home/mlotfiandeloue1/.local/lib/python3.12/site-packages/torch/lib/libtorch_cpu.so)
[rank2]: frame #8: c10d::ProcessGroupNCCL::broadcastUniqueNCCLID(ncclUniqueId*, bool, std::__cxx11::basic_string<char, std::char_traits<char>, std::allocator<char> > const&, int) + 0x5c4 (0x1553540dc014 in /home/mlotfiandeloue1/.local/lib/python3.12/site-packages/torch/lib/libtorch_cuda.so)
[rank2]: frame #9: c10d::ProcessGroupNCCL::initNCCLComm(std::__cxx11::basic_string<char, std::char_traits<char>, std::allocator<char> > const&, c10::Device&, c10d::OpType, int, bool) + 0x1c1a (0x1553540deb5a in /home/mlotfiandeloue1/.local/lib/python3.12/site-packages/torch/lib/libtorch_cuda.so)
[rank2]: frame #10: c10d::ProcessGroupNCCL::broadcast(std::vector<at::Tensor, std::allocator<at::Tensor> >&, c10d::BroadcastOptions const&) + 0x146c (0x1553540e767c in /home/mlotfiandeloue1/.local/lib/python3.12/site-packages/torch/lib/libtorch_cuda.so)
[rank2]: frame #11: <unknown function> + 0x5f97832 (0x1553954f1832 in /home/mlotfiandeloue1/.local/lib/python3.12/site-packages/torch/lib/libtorch_cpu.so)
[rank2]: frame #12: <unknown function> + 0x5fa6a4d (0x155395500a4d in /home/mlotfiandeloue1/.local/lib/python3.12/site-packages/torch/lib/libtorch_cpu.so)
[rank2]: frame #13: <unknown function> + 0x54e09e5 (0x155394a3a9e5 in /home/mlotfiandeloue1/.local/lib/python3.12/site-packages/torch/lib/libtorch_cpu.so)
[rank2]: frame #14: <unknown function> + 0x5fc4631 (0x15539551e631 in /home/mlotfiandeloue1/.local/lib/python3.12/site-packages/torch/lib/libtorch_cpu.so)
[rank2]: frame #15: <unknown function> + 0xe18878 (0x1553a4d19878 in /home/mlotfiandeloue1/.local/lib/python3.12/site-packages/torch/lib/libtorch_python.so)
[rank2]: frame #16: <unknown function> + 0x3c072e (0x1553a42c172e in /home/mlotfiandeloue1/.local/lib/python3.12/site-packages/torch/lib/libtorch_python.so)
[rank2]: <omitting python frames>
[rank2]: frame #28: <unknown function> + 0x295d0 (0x1553f5b445d0 in /lib64/libc.so.6)
[rank2]: frame #29: __libc_start_main + 0x80 (0x1553f5b44680 in /lib64/libc.so.6)
[rank2]: frame #30: _start + 0x25 (0x401065 in /sw/arch/RHEL9/EB_production/2024/software/Python/3.12.3-GCCcore-13.3.0/bin/python)
[rank2]: . This may indicate a possible application crash on rank 0 or a network set up issue.
[rank1]:[W609 22:11:31.370759712 socket.cpp:472] [c10d] waitForInput: poll for socket SocketImpl(fd=3, addr=[gcn61.local.snellius.surf.nl]:37162, remote=[gcn61.local.snellius.surf.nl]:29500) returned 0, likely a timeout
[rank1]:[W609 22:11:31.371116300 socket.cpp:497] [c10d] waitForInput: socket SocketImpl(fd=3, addr=[gcn61.local.snellius.surf.nl]:37162, remote=[gcn61.local.snellius.surf.nl]:29500) timed out after 600000ms
[rank1]: Traceback (most recent call last):
[rank1]:   File "/gpfs/work1/0/prjs1732/LabGPT/ALD/ald_fm_transformer3/pretrain_transformer.py", line 258, in <module>
[rank1]:     main()
[rank1]:   File "/gpfs/work1/0/prjs1732/LabGPT/ALD/ald_fm_transformer3/pretrain_transformer.py", line 110, in main
[rank1]:     dist.broadcast(mean_t, src=0)
[rank1]:   File "/home/mlotfiandeloue1/.local/lib/python3.12/site-packages/torch/distributed/c10d_logger.py", line 81, in wrapper
[rank1]:     return func(*args, **kwargs)
[rank1]:            ^^^^^^^^^^^^^^^^^^^^^
[rank1]:   File "/home/mlotfiandeloue1/.local/lib/python3.12/site-packages/torch/distributed/distributed_c10d.py", line 2835, in broadcast
[rank1]:     work = group.broadcast([tensor], opts)
[rank1]:            ^^^^^^^^^^^^^^^^^^^^^^^^^^^^^^^
[rank1]: torch.distributed.DistBackendError: [1] is setting up NCCL communicator and retrieving ncclUniqueId from [0] via c10d key-value store by key '0', but store->get('0') got error: wait timeout after 600000ms, keys: /default_pg/0//cuda//0
[rank1]: Exception raised from doWait at /pytorch/torch/csrc/distributed/c10d/TCPStore.cpp:603 (most recent call first):
[rank1]: frame #0: c10::Error::Error(c10::SourceLocation, std::__cxx11::basic_string<char, std::char_traits<char>, std::allocator<char> >) + 0x80 (0x14552e614b80 in /home/mlotfiandeloue1/.local/lib/python3.12/site-packages/torch/lib/libc10.so)
[rank1]: frame #1: <unknown function> + 0x5f600c1 (0x14557097f0c1 in /home/mlotfiandeloue1/.local/lib/python3.12/site-packages/torch/lib/libtorch_cpu.so)
[rank1]: frame #2: <unknown function> + 0x1499942 (0x14556beb8942 in /home/mlotfiandeloue1/.local/lib/python3.12/site-packages/torch/lib/libtorch_cpu.so)
[rank1]: frame #3: c10d::TCPStore::doGet(std::__cxx11::basic_string<char, std::char_traits<char>, std::allocator<char> > const&) + 0x33 (0x145570a1b043 in /home/mlotfiandeloue1/.local/lib/python3.12/site-packages/torch/lib/libtorch_cpu.so)
[rank1]: frame #4: c10d::TCPStore::get(std::__cxx11::basic_string<char, std::char_traits<char>, std::allocator<char> > const&) + 0x114 (0x145570a1c154 in /home/mlotfiandeloue1/.local/lib/python3.12/site-packages/torch/lib/libtorch_cpu.so)
[rank1]: frame #5: c10d::PrefixStore::get(std::__cxx11::basic_string<char, std::char_traits<char>, std::allocator<char> > const&) + 0x30 (0x1455709c6750 in /home/mlotfiandeloue1/.local/lib/python3.12/site-packages/torch/lib/libtorch_cpu.so)
[rank1]: frame #6: c10d::PrefixStore::get(std::__cxx11::basic_string<char, std::char_traits<char>, std::allocator<char> > const&) + 0x30 (0x1455709c6750 in /home/mlotfiandeloue1/.local/lib/python3.12/site-packages/torch/lib/libtorch_cpu.so)
[rank1]: frame #7: c10d::PrefixStore::get(std::__cxx11::basic_string<char, std::char_traits<char>, std::allocator<char> > const&) + 0x30 (0x1455709c6750 in /home/mlotfiandeloue1/.local/lib/python3.12/site-packages/torch/lib/libtorch_cpu.so)
[rank1]: frame #8: c10d::ProcessGroupNCCL::broadcastUniqueNCCLID(ncclUniqueId*, bool, std::__cxx11::basic_string<char, std::char_traits<char>, std::allocator<char> > const&, int) + 0x5c4 (0x14552f5a1014 in /home/mlotfiandeloue1/.local/lib/python3.12/site-packages/torch/lib/libtorch_cuda.so)
[rank1]: frame #9: c10d::ProcessGroupNCCL::initNCCLComm(std::__cxx11::basic_string<char, std::char_traits<char>, std::allocator<char> > const&, c10::Device&, c10d::OpType, int, bool) + 0x1c1a (0x14552f5a3b5a in /home/mlotfiandeloue1/.local/lib/python3.12/site-packages/torch/lib/libtorch_cuda.so)
[rank1]: frame #10: c10d::ProcessGroupNCCL::broadcast(std::vector<at::Tensor, std::allocator<at::Tensor> >&, c10d::BroadcastOptions const&) + 0x146c (0x14552f5ac67c in /home/mlotfiandeloue1/.local/lib/python3.12/site-packages/torch/lib/libtorch_cuda.so)
[rank1]: frame #11: <unknown function> + 0x5f97832 (0x1455709b6832 in /home/mlotfiandeloue1/.local/lib/python3.12/site-packages/torch/lib/libtorch_cpu.so)
[rank1]: frame #12: <unknown function> + 0x5fa6a4d (0x1455709c5a4d in /home/mlotfiandeloue1/.local/lib/python3.12/site-packages/torch/lib/libtorch_cpu.so)
[rank1]: frame #13: <unknown function> + 0x54e09e5 (0x14556feff9e5 in /home/mlotfiandeloue1/.local/lib/python3.12/site-packages/torch/lib/libtorch_cpu.so)
[rank1]: frame #14: <unknown function> + 0x5fc4631 (0x1455709e3631 in /home/mlotfiandeloue1/.local/lib/python3.12/site-packages/torch/lib/libtorch_cpu.so)
[rank1]: frame #15: <unknown function> + 0xe18878 (0x1455801de878 in /home/mlotfiandeloue1/.local/lib/python3.12/site-packages/torch/lib/libtorch_python.so)
[rank1]: frame #16: <unknown function> + 0x3c072e (0x14557f78672e in /home/mlotfiandeloue1/.local/lib/python3.12/site-packages/torch/lib/libtorch_python.so)
[rank1]: <omitting python frames>
[rank1]: frame #28: <unknown function> + 0x295d0 (0x1455d100c5d0 in /lib64/libc.so.6)
[rank1]: frame #29: __libc_start_main + 0x80 (0x1455d100c680 in /lib64/libc.so.6)
[rank1]: frame #30: _start + 0x25 (0x401065 in /sw/arch/RHEL9/EB_production/2024/software/Python/3.12.3-GCCcore-13.3.0/bin/python)
[rank1]: . This may indicate a possible application crash on rank 0 or a network set up issue.
W0609 22:11:32.679000 2036299 /gpfs/home2/mlotfiandeloue1/.local/lib/python3.12/site-packages/torch/distributed/elastic/multiprocessing/api.py:908] Sending process 2036331 closing signal SIGTERM
W0609 22:11:32.681000 2036299 /gpfs/home2/mlotfiandeloue1/.local/lib/python3.12/site-packages/torch/distributed/elastic/multiprocessing/api.py:908] Sending process 2036332 closing signal SIGTERM
W0609 22:11:32.682000 2036299 /gpfs/home2/mlotfiandeloue1/.local/lib/python3.12/site-packages/torch/distributed/elastic/multiprocessing/api.py:908] Sending process 2036334 closing signal SIGTERM
E0609 22:11:32.847000 2036299 /gpfs/home2/mlotfiandeloue1/.local/lib/python3.12/site-packages/torch/distributed/elastic/multiprocessing/api.py:882] failed (exitcode: 1) local_rank: 2 (pid: 2036333) of binary: /sw/arch/RHEL9/EB_production/2024/software/Python/3.12.3-GCCcore-13.3.0/bin/python
Traceback (most recent call last):
  File "/home/mlotfiandeloue1/.local/bin/torchrun", line 8, in <module>
    sys.exit(main())
             ^^^^^^
  File "/home/mlotfiandeloue1/.local/lib/python3.12/site-packages/torch/distributed/elastic/multiprocessing/errors/__init__.py", line 357, in wrapper
    return f(*args, **kwargs)
           ^^^^^^^^^^^^^^^^^^
  File "/home/mlotfiandeloue1/.local/lib/python3.12/site-packages/torch/distributed/run.py", line 936, in main
    run(args)
  File "/home/mlotfiandeloue1/.local/lib/python3.12/site-packages/torch/distributed/run.py", line 927, in run
    elastic_launch(
  File "/home/mlotfiandeloue1/.local/lib/python3.12/site-packages/torch/distributed/launcher/api.py", line 156, in __call__
    return launch_agent(self._config, self._entrypoint, list(args))
           ^^^^^^^^^^^^^^^^^^^^^^^^^^^^^^^^^^^^^^^^^^^^^^^^^^^^^^^^
  File "/home/mlotfiandeloue1/.local/lib/python3.12/site-packages/torch/distributed/launcher/api.py", line 293, in launch_agent
    raise ChildFailedError(
torch.distributed.elastic.multiprocessing.errors.ChildFailedError: 
============================================================
pretrain_transformer.py FAILED
------------------------------------------------------------
Failures:
  <NO_OTHER_FAILURES>
------------------------------------------------------------
Root Cause (first observed failure):
[0]:
  time      : 2026-06-09_22:11:32
  host      : gcn61.local.snellius.surf.nl
  rank      : 2 (local_rank: 2)
  exitcode  : 1 (pid: 2036333)
  error_file: <N/A>
  traceback : To enable traceback see: https://pytorch.org/docs/stable/elastic/errors.html
============================================================
