2026-06-15 20:37:17,640 | INFO | Found 500 CSV files. World size: 4
2026-06-15 20:37:17,874 | INFO | Feature count: 1811
[rank0]: Traceback (most recent call last):
[rank0]:   File "/gpfs/work1/0/prjs1732/LabGPT/ALD/ald_fm_transformer3/pretrain_transformer.py", line 267, in <module>
[rank0]:     main()
[rank0]:   File "/gpfs/work1/0/prjs1732/LabGPT/ALD/ald_fm_transformer3/pretrain_transformer.py", line 108, in main
[rank0]:     np.savez(norm_stats_cache, mean=norm_stats.mean, std=norm_stats.std)
[rank0]:     ^^
[rank0]: UnboundLocalError: cannot access local variable 'np' where it is not associated with a value
[rank0]:[W615 21:38:34.771473996 ProcessGroupNCCL.cpp:1524] Warning: WARNING: destroy_process_group() was not called before program exit, which can leak resources. For more info, please see https://pytorch.org/docs/stable/distributed.html#shutdown (function operator())
W0615 21:38:34.473000 1683584 /gpfs/home2/mlotfiandeloue1/.local/lib/python3.12/site-packages/torch/distributed/elastic/multiprocessing/api.py:908] Sending process 1683623 closing signal SIGTERM
W0615 21:38:34.477000 1683584 /gpfs/home2/mlotfiandeloue1/.local/lib/python3.12/site-packages/torch/distributed/elastic/multiprocessing/api.py:908] Sending process 1683624 closing signal SIGTERM
W0615 21:38:34.478000 1683584 /gpfs/home2/mlotfiandeloue1/.local/lib/python3.12/site-packages/torch/distributed/elastic/multiprocessing/api.py:908] Sending process 1683625 closing signal SIGTERM
E0615 21:38:34.793000 1683584 /gpfs/home2/mlotfiandeloue1/.local/lib/python3.12/site-packages/torch/distributed/elastic/multiprocessing/api.py:882] failed (exitcode: 1) local_rank: 0 (pid: 1683622) of binary: /sw/arch/RHEL9/EB_production/2024/software/Python/3.12.3-GCCcore-13.3.0/bin/python
Traceback (most recent call last):
  File "/home/mlotfiandeloue1/.local/bin/torchrun", line 8, in <module>
    sys.exit(main())
             ^^^^^^
  File "/home/mlotfiandeloue1/.local/lib/python3.12/site-packages/torch/distributed/elastic/multiprocessing/errors/__init__.py", line 357, in wrapper
    return f(*args, **kwargs)
           ^^^^^^^^^^^^^^^^^^
  File "/home/mlotfiandeloue1/.local/lib/python3.12/site-packages/torch/distributed/run.py", line 936, in main
    run(args)
  File "/home/mlotfiandeloue1/.local/lib/python3.12/site-packages/torch/distributed/run.py", line 927, in run
    elastic_launch(
  File "/home/mlotfiandeloue1/.local/lib/python3.12/site-packages/torch/distributed/launcher/api.py", line 156, in __call__
    return launch_agent(self._config, self._entrypoint, list(args))
           ^^^^^^^^^^^^^^^^^^^^^^^^^^^^^^^^^^^^^^^^^^^^^^^^^^^^^^^^
  File "/home/mlotfiandeloue1/.local/lib/python3.12/site-packages/torch/distributed/launcher/api.py", line 293, in launch_agent
    raise ChildFailedError(
torch.distributed.elastic.multiprocessing.errors.ChildFailedError: 
============================================================
pretrain_transformer.py FAILED
------------------------------------------------------------
Failures:
  <NO_OTHER_FAILURES>
------------------------------------------------------------
Root Cause (first observed failure):
[0]:
  time      : 2026-06-15_21:38:34
  host      : gcn48.local.snellius.surf.nl
  rank      : 0 (local_rank: 0)
  exitcode  : 1 (pid: 1683622)
  error_file: <N/A>
  traceback : To enable traceback see: https://pytorch.org/docs/stable/elastic/errors.html
============================================================
